=============================================================
START SCRIPT: GetEventError.ps1
=============================================================
Date : 26/04/2026-18:28:31
=============================================================
[26/04/2026-18:28:31][ERROR] ID:8198 Source:Microsoft-Windows-Security-SPP -Message:License Activation (slui.exe) failed with the following error code:  hr=0x803F7001  Command-line arguments:  RuleId=31e71c49-8da7-4a2f-ad92-45d98a1c79ba;Action=AutoActivate;AppId=55c92734-d682-4d71-983e-d6ec3f16059f;SkuId=4de7cb65-cdf1-4de9-8ae8-e3cce27b9f2c;NotificationInterval=1440;Trigger=UserLogon;SessionId=2
[26/04/2026-18:28:31][ERROR] ID:10010 Source:Microsoft-Windows-DistributedCOM -Message:The server {A7451292-7906-414C-BB7B-DFD32C749E5C} did not register with DCOM within the required timeout.
[26/04/2026-18:28:31][ERROR] ID:20 Source:Microsoft-Windows-WindowsUpdateClient -Message:Installation Failure: Windows failed to install the following update with error 0x80073D02: 9MSMLRH6LZF3-Microsoft.WindowsNotepad.
[26/04/2026-18:28:31][ERROR] ID:10010 Source:Microsoft-Windows-DistributedCOM -Message:The server {A7451292-7906-414C-BB7B-DFD32C749E5C} did not register with DCOM within the required timeout.
[26/04/2026-18:28:31][ERROR] ID:8198 Source:Microsoft-Windows-Security-SPP -Message:License Activation (slui.exe) failed with the following error code:  hr=0x803F7001  Command-line arguments:  RuleId=31e71c49-8da7-4a2f-ad92-45d98a1c79ba;Action=AutoActivate;AppId=55c92734-d682-4d71-983e-d6ec3f16059f;SkuId=4de7cb65-cdf1-4de9-8ae8-e3cce27b9f2c;NotificationInterval=1440;Trigger=UserLogon;SessionId=1
[26/04/2026-18:28:31][ERROR] ID:86 Source:Microsoft-Windows-CertificateServicesClient-CertEnroll -Message:SCEP Certificate enrollment initialization for WORKGROUP\DESKTOP-SAS4RKN$ via https://-KeyId-93b5c12241f68870979f34fec78acf75586660a9.microsoftaik.azure.net/templates/Aik/scep failed:    GetCACaps   Method: GET(218ms)  Stage: GetCACaps  La connexion avec le serveur a été interrompue anormalement 0x80072efe (WinHttp: 12030 ERROR_WINHTTP_CONNECTION_ERROR)
[26/04/2026-18:28:31][ERROR] ID:86 Source:Microsoft-Windows-CertificateServicesClient-CertEnroll -Message:SCEP Certificate enrollment initialization for Système local via https://-KeyId-93b5c12241f68870979f34fec78acf75586660a9.microsoftaik.azure.net/templates/Aik/scep failed:    GetCACaps   Method: GET(141ms)  Stage: GetCACaps  La connexion avec le serveur a été interrompue anormalement 0x80072efe (WinHttp: 12030 ERROR_WINHTTP_CONNECTION_ERROR)
[26/04/2026-18:28:31][ERROR] ID:8198 Source:Microsoft-Windows-Security-SPP -Message:License Activation (slui.exe) failed with the following error code:  hr=0x8007139F  Command-line arguments:  RuleId=31e71c49-8da7-4a2f-ad92-45d98a1c79ba;Action=AutoActivate;AppId=55c92734-d682-4d71-983e-d6ec3f16059f;SkuId=4de7cb65-cdf1-4de9-8ae8-e3cce27b9f2c;NotificationInterval=1440;Trigger=NetworkAvailable
[26/04/2026-18:28:31][ERROR] ID:124 Source:Microsoft-Windows-Kernel-Boot -Message:The virtualization-based security enablement policy check at phase 0 failed with status: Cette demande n’est pas prise en charge.
[26/04/2026-18:28:31][ERROR] ID:42 Source:Microsoft-Windows-Hyper-V-Hypervisor -Message:Hypervisor launch failed; Either SVM not present or not enabled in BIOS.
[26/04/2026-18:28:31][ERROR] ID:86 Source:Microsoft-Windows-CertificateServicesClient-CertEnroll -Message:SCEP Certificate enrollment initialization for WORKGROUP\DESKTOP-SAS4RKN$ via https://-KeyId-93b5c12241f68870979f34fec78acf75586660a9.microsoftaik.azure.net/templates/Aik/scep failed:    GetCACaps   Method: GET(265ms)  Stage: GetCACaps  La connexion avec le serveur a été interrompue anormalement 0x80072efe (WinHttp: 12030 ERROR_WINHTTP_CONNECTION_ERROR)
[26/04/2026-18:28:31][ERROR] ID:86 Source:Microsoft-Windows-CertificateServicesClient-CertEnroll -Message:SCEP Certificate enrollment initialization for Système local via https://-KeyId-93b5c12241f68870979f34fec78acf75586660a9.microsoftaik.azure.net/templates/Aik/scep failed:    GetCACaps   Method: GET(125ms)  Stage: GetCACaps  La connexion avec le serveur a été interrompue anormalement 0x80072efe (WinHttp: 12030 ERROR_WINHTTP_CONNECTION_ERROR)
[26/04/2026-18:28:31][ERROR] ID:8198 Source:Microsoft-Windows-Security-SPP -Message:License Activation (slui.exe) failed with the following error code:  hr=0x803F7001  Command-line arguments:  RuleId=31e71c49-8da7-4a2f-ad92-45d98a1c79ba;Action=AutoActivate;AppId=55c92734-d682-4d71-983e-d6ec3f16059f;SkuId=4de7cb65-cdf1-4de9-8ae8-e3cce27b9f2c;NotificationInterval=1440;Trigger=UserLogon;SessionId=1
[26/04/2026-18:28:31][ERROR] ID:10010 Source:Microsoft-Windows-DistributedCOM -Message:The server {A7451292-7906-414C-BB7B-DFD32C749E5C} did not register with DCOM within the required timeout.
[26/04/2026-18:28:31][ERROR] ID:8198 Source:Microsoft-Windows-Security-SPP -Message:License Activation (slui.exe) failed with the following error code:  hr=0x8007139F  Command-line arguments:  RuleId=31e71c49-8da7-4a2f-ad92-45d98a1c79ba;Action=AutoActivate;AppId=55c92734-d682-4d71-983e-d6ec3f16059f;SkuId=4de7cb65-cdf1-4de9-8ae8-e3cce27b9f2c;NotificationInterval=1440;Trigger=NetworkAvailable
[26/04/2026-18:28:31][ERROR] ID:7000 Source:Service Control Manager -Message:The Virtualisation de réseau imbriqué service failed to start due to the following error:   Aucune fonctionnalité d’hyperviseur n’est disponible pour l’utilisateur.
[26/04/2026-18:28:31][ERROR] ID:7000 Source:Service Control Manager -Message:The VMSP service failed to start due to the following error:   Ressources système insuffisantes pour terminer le service demandé.
[26/04/2026-18:28:31][ERROR] ID:124 Source:Microsoft-Windows-Kernel-Boot -Message:The virtualization-based security enablement policy check at phase 0 failed with status: Cette demande n’est pas prise en charge.
[26/04/2026-18:28:31][ERROR] ID:42 Source:Microsoft-Windows-Hyper-V-Hypervisor -Message:Hypervisor launch failed; Either SVM not present or not enabled in BIOS.
[26/04/2026-18:28:31][ERROR] ID:10010 Source:Microsoft-Windows-DistributedCOM -Message:The server {6FA05A24-B1DF-4155-909E-7B424F2D2BB5} did not register with DCOM within the required timeout.
[26/04/2026-18:28:31][ERROR] ID:8198 Source:Microsoft-Windows-Security-SPP -Message:License Activation (slui.exe) failed with the following error code:  hr=0x803F7001  Command-line arguments:  RuleId=31e71c49-8da7-4a2f-ad92-45d98a1c79ba;Action=AutoActivate;AppId=55c92734-d682-4d71-983e-d6ec3f16059f;SkuId=4de7cb65-cdf1-4de9-8ae8-e3cce27b9f2c;NotificationInterval=1440;Trigger=TimerEvent
[26/04/2026-18:28:31][ERROR] ID:1002 Source:Application Hang -Message:The program dllhost.exe version 10.0.26100.8115 stopped interacting with Windows and was closed. To see if more information about the problem is available, check the problem history in the Security and Maintenance control panel.  
[26/04/2026-18:28:31][ERROR] ID:20 Source:Microsoft-Windows-WindowsUpdateClient -Message:Installation Failure: Windows failed to install the following update with error 0x80073D02: 9MSMLRH6LZF3-Microsoft.WindowsNotepad.
[26/04/2026-18:28:31][ERROR] ID:10010 Source:Microsoft-Windows-DistributedCOM -Message:The server {8CFC164F-4BE5-4FDD-94E9-E2AF73ED4A19} did not register with DCOM within the required timeout.
[26/04/2026-18:28:31][ERROR] ID:20 Source:Microsoft-Windows-WindowsUpdateClient -Message:Installation Failure: Windows failed to install the following update with error 0x80073D02: 9MSMLRH6LZF3-Microsoft.WindowsNotepad.
[26/04/2026-18:28:31][ERROR] ID:20 Source:Microsoft-Windows-WindowsUpdateClient -Message:Installation Failure: Windows failed to install the following update with error 0x80073D02: 9MSMLRH6LZF3-Microsoft.WindowsNotepad.
[26/04/2026-18:28:31][ERROR] ID:20 Source:Microsoft-Windows-WindowsUpdateClient -Message:Installation Failure: Windows failed to install the following update with error 0x80073D02: 9MSSGKG348SP-MicrosoftWindows.Client.WebExperience.
[26/04/2026-18:28:31][ERROR] ID:10010 Source:Microsoft-Windows-DistributedCOM -Message:The server {A7451292-7906-414C-BB7B-DFD32C749E5C} did not register with DCOM within the required timeout.
[26/04/2026-18:28:31][ERROR] ID:8198 Source:Microsoft-Windows-Security-SPP -Message:License Activation (slui.exe) failed with the following error code:  hr=0x803F7001  Command-line arguments:  RuleId=31e71c49-8da7-4a2f-ad92-45d98a1c79ba;Action=AutoActivate;AppId=55c92734-d682-4d71-983e-d6ec3f16059f;SkuId=4de7cb65-cdf1-4de9-8ae8-e3cce27b9f2c;NotificationInterval=1440;Trigger=TimerEvent
[26/04/2026-18:28:31][ERROR] ID:8198 Source:Microsoft-Windows-Security-SPP -Message:License Activation (slui.exe) failed with the following error code:  hr=0x803F7001  Command-line arguments:  RuleId=31e71c49-8da7-4a2f-ad92-45d98a1c79ba;Action=AutoActivate;AppId=55c92734-d682-4d71-983e-d6ec3f16059f;SkuId=4de7cb65-cdf1-4de9-8ae8-e3cce27b9f2c;NotificationInterval=1440;Trigger=UserLogon;SessionId=1
[26/04/2026-18:28:31][ERROR] ID:86 Source:Microsoft-Windows-CertificateServicesClient-CertEnroll -Message:SCEP Certificate enrollment initialization for WORKGROUP\DESKTOP-SAS4RKN$ via https://-KeyId-93b5c12241f68870979f34fec78acf75586660a9.microsoftaik.azure.net/templates/Aik/scep failed:    GetCACaps   Method: GET(203ms)  Stage: GetCACaps  La connexion avec le serveur a été interrompue anormalement 0x80072efe (WinHttp: 12030 ERROR_WINHTTP_CONNECTION_ERROR)
[26/04/2026-18:28:31][ERROR] ID:86 Source:Microsoft-Windows-CertificateServicesClient-CertEnroll -Message:SCEP Certificate enrollment initialization for Système local via https://-KeyId-93b5c12241f68870979f34fec78acf75586660a9.microsoftaik.azure.net/templates/Aik/scep failed:    GetCACaps   Method: GET(156ms)  Stage: GetCACaps  La connexion avec le serveur a été interrompue anormalement 0x80072efe (WinHttp: 12030 ERROR_WINHTTP_CONNECTION_ERROR)
[26/04/2026-18:28:31][ERROR] ID:30 Source:Microsoft-Windows-Eventlog -Message:The event logging service encountered an error (5) while enabling publisher {8e889f0c-7d54-52b3-e4ae-2c8b27a482c2} to channel Microsoft-Windows-LocationServiceProvider/Operational. This does not affect channel operation, but does affect the ability of the publisher to raise events to the channel. One common reason for this error is that the Provider is using ETW Provider Security and has not granted enable permissions to the Event Log service identity.
[26/04/2026-18:28:31][ERROR] ID:30 Source:Microsoft-Windows-Eventlog -Message:The event logging service encountered an error (5) while enabling publisher {0bf2fb94-7b60-4b4d-9766-e82f658df540} to channel Microsoft-Windows-Kernel-ShimEngine/Operational. This does not affect channel operation, but does affect the ability of the publisher to raise events to the channel. One common reason for this error is that the Provider is using ETW Provider Security and has not granted enable permissions to the Event Log service identity.
[26/04/2026-18:28:31][ERROR] ID:86 Source:Microsoft-Windows-CertificateServicesClient-CertEnroll -Message:SCEP Certificate enrollment initialization for WORKGROUP\DESKTOP-SAS4RKN$ via https://-KeyId-93b5c12241f68870979f34fec78acf75586660a9.microsoftaik.azure.net/templates/Aik/scep failed:    GetCACaps   Method: GET(250ms)  Stage: GetCACaps  La connexion avec le serveur a été interrompue anormalement 0x80072efe (WinHttp: 12030 ERROR_WINHTTP_CONNECTION_ERROR)
[26/04/2026-18:28:31][ERROR] ID:86 Source:Microsoft-Windows-CertificateServicesClient-CertEnroll -Message:SCEP Certificate enrollment initialization for Système local via https://-KeyId-93b5c12241f68870979f34fec78acf75586660a9.microsoftaik.azure.net/templates/Aik/scep failed:    GetCACaps   Method: GET(125ms)  Stage: GetCACaps  La connexion avec le serveur a été interrompue anormalement 0x80072efe (WinHttp: 12030 ERROR_WINHTTP_CONNECTION_ERROR)
[26/04/2026-18:28:31][ERROR] ID:7031 Source:Service Control Manager -Message:The Service de déploiement AppX (AppXSVC) service terminated unexpectedly.  It has done this 1 time(s).  The following corrective action will be taken in 120000 milliseconds: Redémarrer le service.
[26/04/2026-18:28:31][ERROR] ID:10005 Source:Microsoft-Windows-DistributedCOM -Message:DCOM got error "1115" attempting to start the service UsoSvc with arguments "Non disponible" in order to run the server:  {9C695035-48D2-4229-8B73-4C70E756E519}
[26/04/2026-18:28:31][ERROR] ID:1000 Source:Application Error -Message:Faulting application name: svchost.exe_AppXSvc, version: 10.0.26100.1150, time stamp: 0xfdace0d9  Faulting module name: bcrypt.dll, version: 10.0.26100.268, time stamp: 0x642a9eb6  Exception code: 0xc0000005  Fault offset: 0x000000000000473e  Faulting process id: 0x1B34  Faulting application start time: 0x1DCD43EE873F306  Faulting application path: C:\WINDOWS\system32\svchost.exe  Faulting module path: C:\WINDOWS\System32\bcrypt.dll  Report Id: e551b0f3-068f-4465-9ad4-fd731c31170c  Faulting package full name:   Faulting package-relative application ID: 
[26/04/2026-18:28:31][ERROR] ID:1512 Source:Microsoft-Windows-User Profiles Service -Message:Windows cannot unload your registry file. The memory used by the registry has not been freed. This problem is often caused by services running as a user account. Try configuring services to run in either the LocalService or NetworkService account.      DETAIL - Accès refusé.  
[26/04/2026-18:28:31][ERROR] ID:1512 Source:Microsoft-Windows-User Profiles Service -Message:Windows cannot unload your registry file. The memory used by the registry has not been freed. This problem is often caused by services running as a user account. Try configuring services to run in either the LocalService or NetworkService account.      DETAIL - Accès refusé.  
[26/04/2026-18:28:31][ERROR] ID:0 Source:Firefox Default Browser Agent -Message:
[26/04/2026-18:28:31][ERROR] ID:8198 Source:Microsoft-Windows-Security-SPP -Message:License Activation (slui.exe) failed with the following error code:  hr=0x80004005  Command-line arguments:  RuleId=31e71c49-8da7-4a2f-ad92-45d98a1c79ba;Action=AutoActivate;AppId=55c92734-d682-4d71-983e-d6ec3f16059f;SkuId=4de7cb65-cdf1-4de9-8ae8-e3cce27b9f2c;NotificationInterval=1440;Trigger=NetworkAvailable
[26/04/2026-18:28:31][ERROR] ID:8198 Source:Microsoft-Windows-Security-SPP -Message:License Activation (slui.exe) failed with the following error code:  hr=0x80004005  Command-line arguments:  RuleId=31e71c49-8da7-4a2f-ad92-45d98a1c79ba;Action=AutoActivate;AppId=55c92734-d682-4d71-983e-d6ec3f16059f;SkuId=4de7cb65-cdf1-4de9-8ae8-e3cce27b9f2c;NotificationInterval=1440;Trigger=NetworkAvailable
[26/04/2026-18:28:31][ERROR] ID:8198 Source:Microsoft-Windows-Security-SPP -Message:License Activation (slui.exe) failed with the following error code:  hr=0x80004005  Command-line arguments:  RuleId=31e71c49-8da7-4a2f-ad92-45d98a1c79ba;Action=AutoActivate;AppId=55c92734-d682-4d71-983e-d6ec3f16059f;SkuId=4de7cb65-cdf1-4de9-8ae8-e3cce27b9f2c;NotificationInterval=1440;Trigger=UserLogon;SessionId=2
[26/04/2026-18:28:31][ERROR] ID:86 Source:Microsoft-Windows-CertificateServicesClient-CertEnroll -Message:SCEP Certificate enrollment initialization for WORKGROUP\DESKTOP-SAS4RKN$ via https://-KeyId-93b5c12241f68870979f34fec78acf75586660a9.microsoftaik.azure.net/templates/Aik/scep failed:    GetCACaps   Method: GET(0ms)  Stage: GetCACaps  L’adresse ou le nom de serveur n’a pas pu être résolu 0x80072ee7 (WinHttp: 12007 ERROR_WINHTTP_NAME_NOT_RESOLVED)
[26/04/2026-18:28:31][ERROR] ID:86 Source:Microsoft-Windows-CertificateServicesClient-CertEnroll -Message:SCEP Certificate enrollment initialization for Système local via https://-KeyId-93b5c12241f68870979f34fec78acf75586660a9.microsoftaik.azure.net/templates/Aik/scep failed:    GetCACaps   Method: GET(31ms)  Stage: GetCACaps  L’adresse ou le nom de serveur n’a pas pu être résolu 0x80072ee7 (WinHttp: 12007 ERROR_WINHTTP_NAME_NOT_RESOLVED)
[26/04/2026-18:28:31][ERROR] ID:86 Source:Microsoft-Windows-CertificateServicesClient-CertEnroll -Message:SCEP Certificate enrollment initialization for WORKGROUP\DESKTOP-SAS4RKN$ via https://-KeyId-93b5c12241f68870979f34fec78acf75586660a9.microsoftaik.azure.net/templates/Aik/scep failed:    GetCACaps   Method: GET(31ms)  Stage: GetCACaps  L’adresse ou le nom de serveur n’a pas pu être résolu 0x80072ee7 (WinHttp: 12007 ERROR_WINHTTP_NAME_NOT_RESOLVED)
[26/04/2026-18:28:31][ERROR] ID:1796 Source:Microsoft-Windows-TPM-WMI -Message:The Secure Boot update failed to update -2147020471 with error %2. For more information, please see https://go.microsoft.com/fwlink/?linkid=2169931
[26/04/2026-18:28:31][ERROR] ID:8198 Source:Microsoft-Windows-Security-SPP -Message:License Activation (slui.exe) failed with the following error code:  hr=0x80004005  Command-line arguments:  RuleId=31e71c49-8da7-4a2f-ad92-45d98a1c79ba;Action=AutoActivate;AppId=55c92734-d682-4d71-983e-d6ec3f16059f;SkuId=4de7cb65-cdf1-4de9-8ae8-e3cce27b9f2c;NotificationInterval=1440;Trigger=TimerEvent
[26/04/2026-18:28:31][ERROR] ID:16 Source:SecurityCenter -Message:Error while updating Windows Defender status to SECURITY_PRODUCT_STATE_ON.
[26/04/2026-18:28:31][ERROR] ID:7030 Source:Service Control Manager -Message:The Extensions et notifications d’imprimante service is marked as an interactive service.  However, the system is configured to not allow interactive services.  This service may not function properly.
[26/04/2026-18:28:31][ERROR] ID:1796 Source:Microsoft-Windows-TPM-WMI -Message:The Secure Boot update failed to update -2147020471 with error %2. For more information, please see https://go.microsoft.com/fwlink/?linkid=2169931
[26/04/2026-18:28:31][ERROR] ID:86 Source:Microsoft-Windows-CertificateServicesClient-CertEnroll -Message:SCEP Certificate enrollment initialization for WORKGROUP\WIN-EA7855BS123$ via https://-KeyId-93b5c12241f68870979f34fec78acf75586660a9.microsoftaik.azure.net/templates/Aik/scep failed:    GetCACaps   Method: GET(15ms)  Stage: GetCACaps  L’adresse ou le nom de serveur n’a pas pu être résolu 0x80072ee7 (WinHttp: 12007 ERROR_WINHTTP_NAME_NOT_RESOLVED)
[26/04/2026-18:28:31][ERROR] ID:86 Source:Microsoft-Windows-CertificateServicesClient-CertEnroll -Message:SCEP Certificate enrollment initialization for Système local via https://-KeyId-93b5c12241f68870979f34fec78acf75586660a9.microsoftaik.azure.net/templates/Aik/scep failed:    GetCACaps   Method: GET(47ms)  Stage: GetCACaps  L’adresse ou le nom de serveur n’a pas pu être résolu 0x80072ee7 (WinHttp: 12007 ERROR_WINHTTP_NAME_NOT_RESOLVED)
[26/04/2026-18:28:31][ERROR] ID:86 Source:Microsoft-Windows-CertificateServicesClient-CertEnroll -Message:SCEP Certificate enrollment initialization for WORKGROUP\WIN-EA7855BS123$ via https://-KeyId-93b5c12241f68870979f34fec78acf75586660a9.microsoftaik.azure.net/templates/Aik/scep failed:    GetCACaps   Method: GET(47ms)  Stage: GetCACaps  L’adresse ou le nom de serveur n’a pas pu être résolu 0x80072ee7 (WinHttp: 12007 ERROR_WINHTTP_NAME_NOT_RESOLVED)
[26/04/2026-18:28:31][ERROR] ID:86 Source:Microsoft-Windows-CertificateServicesClient-CertEnroll -Message:SCEP Certificate enrollment initialization for \MINWINPC$ via https://-KeyId-93b5c12241f68870979f34fec78acf75586660a9.microsoftaik.azure.net/templates/Aik/scep failed:    GetCACaps   Method: GET(0ms)  Stage: GetCACaps  L’adresse ou le nom de serveur n’a pas pu être résolu 0x80072ee7 (WinHttp: 12007 ERROR_WINHTTP_NAME_NOT_RESOLVED)
[26/04/2026-18:28:31][ERROR] ID:86 Source:Microsoft-Windows-CertificateServicesClient-CertEnroll -Message:SCEP Certificate enrollment initialization for Système local via https://-KeyId-93b5c12241f68870979f34fec78acf75586660a9.microsoftaik.azure.net/templates/Aik/scep failed:    GetCACaps   Method: GET(282ms)  Stage: GetCACaps  L’adresse ou le nom de serveur n’a pas pu être résolu 0x80072ee7 (WinHttp: 12007 ERROR_WINHTTP_NAME_NOT_RESOLVED)
[26/04/2026-18:28:31][ERROR] ID:7023 Source:Service Control Manager -Message:The netprofm service terminated with the following error:   Le périphérique n’est pas prêt.
============================================================
END SCRIPT 
Date : 26/04/2026-18:28:31:
============================================================
